C:/Users/Javier/Desktop/Nueva carpeta/Uvege/dIGITAL2/STMlab/Laboratorio6/Core/Src/main.c:90:5:main	16	static
C:/Users/Javier/Desktop/Nueva carpeta/Uvege/dIGITAL2/STMlab/Laboratorio6/Core/Src/main.c:151:6:SystemClock_Config	88	static
C:/Users/Javier/Desktop/Nueva carpeta/Uvege/dIGITAL2/STMlab/Laboratorio6/Core/Src/main.c:199:13:MX_TIM2_Init	48	static
C:/Users/Javier/Desktop/Nueva carpeta/Uvege/dIGITAL2/STMlab/Laboratorio6/Core/Src/main.c:257:13:MX_TIM3_Init	32	static
C:/Users/Javier/Desktop/Nueva carpeta/Uvege/dIGITAL2/STMlab/Laboratorio6/Core/Src/main.c:302:13:MX_TIM4_Init	32	static
C:/Users/Javier/Desktop/Nueva carpeta/Uvege/dIGITAL2/STMlab/Laboratorio6/Core/Src/main.c:347:13:MX_USART2_UART_Init	8	static
C:/Users/Javier/Desktop/Nueva carpeta/Uvege/dIGITAL2/STMlab/Laboratorio6/Core/Src/main.c:380:13:MX_GPIO_Init	48	static
C:/Users/Javier/Desktop/Nueva carpeta/Uvege/dIGITAL2/STMlab/Laboratorio6/Core/Src/main.c:410:6:HAL_TIM_TriggerHalfCpltCallback	24	static
C:/Users/Javier/Desktop/Nueva carpeta/Uvege/dIGITAL2/STMlab/Laboratorio6/Core/Src/main.c:428:6:HAL_TIM_PeriodElapsedCallback	16	static
C:/Users/Javier/Desktop/Nueva carpeta/Uvege/dIGITAL2/STMlab/Laboratorio6/Core/Src/main.c:446:6:Error_Handler	4	static,ignoring_inline_asm
