C:/Users/Javier/Desktop/Nueva carpeta/Uvege/dIGITAL2/STMlab/Laboratorio6/Core/Src/main.c:90:5:main	1
C:/Users/Javier/Desktop/Nueva carpeta/Uvege/dIGITAL2/STMlab/Laboratorio6/Core/Src/main.c:151:6:SystemClock_Config	3
C:/Users/Javier/Desktop/Nueva carpeta/Uvege/dIGITAL2/STMlab/Laboratorio6/Core/Src/main.c:199:13:MX_TIM2_Init	6
C:/Users/Javier/Desktop/Nueva carpeta/Uvege/dIGITAL2/STMlab/Laboratorio6/Core/Src/main.c:257:13:MX_TIM3_Init	4
C:/Users/Javier/Desktop/Nueva carpeta/Uvege/dIGITAL2/STMlab/Laboratorio6/Core/Src/main.c:302:13:MX_TIM4_Init	4
C:/Users/Javier/Desktop/Nueva carpeta/Uvege/dIGITAL2/STMlab/Laboratorio6/Core/Src/main.c:347:13:MX_USART2_UART_Init	2
C:/Users/Javier/Desktop/Nueva carpeta/Uvege/dIGITAL2/STMlab/Laboratorio6/Core/Src/main.c:380:13:MX_GPIO_Init	1
C:/Users/Javier/Desktop/Nueva carpeta/Uvege/dIGITAL2/STMlab/Laboratorio6/Core/Src/main.c:410:6:HAL_TIM_TriggerHalfCpltCallback	4
C:/Users/Javier/Desktop/Nueva carpeta/Uvege/dIGITAL2/STMlab/Laboratorio6/Core/Src/main.c:428:6:HAL_TIM_PeriodElapsedCallback	3
C:/Users/Javier/Desktop/Nueva carpeta/Uvege/dIGITAL2/STMlab/Laboratorio6/Core/Src/main.c:446:6:Error_Handler	1
